// Jest Snapshot v1, https://goo.gl/fbAQLP

exports[`should take a snapshot 1`] = `
<DocumentFragment>
  <div
    class="App"
    data-testid="App"
  >
    <div
      hidden=""
      style="flex-grow: 1;"
    >
      <header
        class="MuiPaper-root MuiAppBar-root MuiAppBar-positionStatic MuiAppBar-colorPrimary MuiPaper-elevation4"
        style="background: rgb(109, 174, 219); height: 65px;"
      >
        <div
          class="MuiToolbar-root MuiToolbar-regular MuiToolbar-gutters"
        >
          <button
            class="MuiButtonBase-root MuiIconButton-root MuiIconButton-edgeStart"
            style="background: rgb(109, 174, 219);"
            tabindex="0"
            type="button"
          >
            <span
              class="MuiIconButton-label"
            >
              <svg
                aria-hidden="true"
                class="MuiSvgIcon-root"
                focusable="false"
                style="color: rgb(255, 255, 255);"
                viewBox="0 0 24 24"
              >
                <path
                  d="M3 18h18v-2H3v2zm0-5h18v-2H3v2zm0-7v2h18V6H3z"
                />
              </svg>
            </span>
            <span
              class="MuiTouchRipple-root"
            />
          </button>
          <h6
            class="MuiTypography-root MuiTypography-h6"
            style="flex-grow: 1; text-align: left;"
          >
            Study Buddy
          </h6>
          <button
            class="MuiButtonBase-root MuiIconButton-root"
            hidden=""
            tabindex="0"
            type="button"
          >
            <span
              class="MuiIconButton-label"
            >
              <svg
                aria-hidden="true"
                class="MuiSvgIcon-root"
                focusable="false"
                style="color: rgb(255, 255, 255);"
                viewBox="0 0 24 24"
              >
                <path
                  d="M12 2C6.48 2 2 6.48 2 12s4.48 10 10 10 10-4.48 10-10S17.52 2 12 2zm0 3c1.66 0 3 1.34 3 3s-1.34 3-3 3-3-1.34-3-3 1.34-3 3-3zm0 14.2c-2.5 0-4.71-1.28-6-3.22.03-1.99 4-3.08 6-3.08 1.99 0 5.97 1.09 6 3.08-1.29 1.94-3.5 3.22-6 3.22z"
                />
              </svg>
            </span>
            <span
              class="MuiTouchRipple-root"
            />
          </button>
          <button
            as="[object Object]"
            class="MuiButtonBase-root MuiButton-root MuiButton-text"
            hidden=""
            style="color: rgb(255, 255, 255);"
            tabindex="0"
            to="/auth"
            type="button"
          >
            <span
              class="MuiButton-label"
            >
              Sign Out
            </span>
            <span
              class="MuiTouchRipple-root"
            />
          </button>
        </div>
      </header>
    </div>
    <div
      hidden=""
    />
    <div>
      <div>
        <h4>
          Home
        </h4>
        <p>
          This is the Home Page.
        </p>
        <a
          href="/auth"
        >
          Login/Register
        </a>
      </div>
    </div>
  </div>
</DocumentFragment>
`;
