// Jest Snapshot v1, https://goo.gl/fbAQLP

exports[`should take a snapshot of Login 1`] = `
<DocumentFragment>
  <div
    class="Login"
    data-testid="Login"
  >
    <div
      class="container"
      style="width: 35vw; margin: auto;"
    >
      <div
        class="col"
      >
        <img
          src="study-buddy-tagline.png"
          style="height: 35vh;"
        />
        <br />
        <form
          class="form"
        >
          <div
            class="form-group"
          >
            <input
              aria-invalid="false"
              class="form-control"
              name="Email"
              placeholder="Email"
              style="border-radius: 14px;"
              type="email"
            />
            <div
              class="invalid-feedback"
            >
              There is an issue with your email. Please input a correct email.
            </div>
          </div>
          <div
            class="form-group"
          >
            <input
              class="form-control"
              name="passwordLogin"
              placeholder="Password"
              style="border-radius: 14px;"
              type="password"
            />
          </div>
        </form>
        <button
          class="btn btn-secondary btn-lg disabled"
          data-testid="login-button"
          disabled=""
          style="background-color: rgb(39, 38, 92); color: rgb(255, 255, 255); width: 50%; border-radius: 14px;"
          type="submit"
        >
           Sign In
        </button>
        <br />
        <div
          style="display: flex; justify-content: center;"
        >
          <div
            hidden=""
            style="fill: #27265c; height: 10%; width: 10%;"
          >
            <svg
              viewBox="0 0 32 32"
              xmlns="http://www.w3.org/2000/svg"
            >
              
  
              <path
                d="M0 12 V20 H4 V12z"
                transform="translate(0 0)"
              >
                
    
                <animatetransform
                  attributeName="transform"
                  begin="0"
                  calcMode="spline"
                  dur="1.5s"
                  keySplines="0.2 0.2 0.4 0.8;0.2 0.2 0.4 0.8;0.2 0.2 0.4 0.8"
                  keyTimes="0;0.3;0.6;1"
                  repeatCount="indefinite"
                  type="translate"
                  values="0 0; 28 0; 0 0; 0 0"
                />
                
  
              </path>
              
  
              <path
                d="M0 12 V20 H4 V12z"
                opacity="0.5"
                transform="translate(0 0)"
              >
                
    
                <animatetransform
                  attributeName="transform"
                  begin="0.1s"
                  calcMode="spline"
                  dur="1.5s"
                  keySplines="0.2 0.2 0.4 0.8;0.2 0.2 0.4 0.8;0.2 0.2 0.4 0.8"
                  keyTimes="0;0.3;0.6;1"
                  repeatCount="indefinite"
                  type="translate"
                  values="0 0; 28 0; 0 0; 0 0"
                />
                
  
              </path>
              
  
              <path
                d="M0 12 V20 H4 V12z"
                opacity="0.25"
                transform="translate(0 0)"
              >
                
    
                <animatetransform
                  attributeName="transform"
                  begin="0.2s"
                  calcMode="spline"
                  dur="1.5s"
                  keySplines="0.2 0.2 0.4 0.8;0.2 0.2 0.4 0.8;0.2 0.2 0.4 0.8"
                  keyTimes="0;0.3;0.6;1"
                  repeatCount="indefinite"
                  type="translate"
                  values="0 0; 28 0; 0 0; 0 0"
                />
                
  
              </path>
              

            </svg>
            

          </div>
        </div>
        <br />
        Don't Have an Account?
        <button
          class="btn btn-link"
          type="button"
        >
           Sign Up Now
        </button>
        <br />
        <button
          class="btn btn-link"
          type="button"
        >
          Forgot Password?
        </button>
      </div>
    </div>
  </div>
</DocumentFragment>
`;
